============================= test session starts =============================
platform win32 -- Python 3.11.9, pytest-9.0.2, pluggy-1.6.0 -- C:\Users\Ruban\AppData\Local\Programs\Python\Python311\python.exe
cachedir: .pytest_cache
rootdir: D:\2026\product 1\backend
configfile: pyproject.toml
plugins: anyio-3.7.1, asyncio-1.3.0, cov-7.0.0
asyncio: mode=Mode.STRICT, debug=False, asyncio_default_fixture_loop_scope=None, asyncio_default_test_loop_scope=function
collecting ... collected 16 items

tests/unit/test_security.py::TestPasswordHashing::test_hash_password FAILED [  6%]
tests/unit/test_security.py::TestPasswordHashing::test_verify_password_correct FAILED [ 12%]
tests/unit/test_security.py::TestPasswordHashing::test_verify_password_incorrect FAILED [ 18%]
tests/unit/test_security.py::TestPasswordStrength::test_password_too_short PASSED [ 25%]
tests/unit/test_security.py::TestPasswordStrength::test_password_no_uppercase PASSED [ 31%]
tests/unit/test_security.py::TestPasswordStrength::test_password_no_lowercase PASSED [ 37%]
tests/unit/test_security.py::TestPasswordStrength::test_password_no_digit PASSED [ 43%]
tests/unit/test_security.py::TestPasswordStrength::test_password_no_special PASSED [ 50%]
tests/unit/test_security.py::TestPasswordStrength::test_password_valid PASSED [ 56%]
tests/unit/test_security.py::TestJWT::test_create_access_token PASSED    [ 62%]
tests/unit/test_security.py::TestJWT::test_decode_token PASSED           [ 68%]
tests/unit/test_security.py::TestJWT::test_decode_invalid_token PASSED   [ 75%]
tests/unit/test_security.py::TestOTP::test_generate_otp_default_length PASSED [ 81%]
tests/unit/test_security.py::TestOTP::test_generate_otp_custom_length PASSED [ 87%]
tests/unit/test_security.py::TestRandomPassword::test_generate_random_password PASSED [ 93%]
tests/unit/test_security.py::TestRandomPassword::test_generate_random_password_custom_length PASSED [100%]

================================== FAILURES ===================================
___________________ TestPasswordHashing.test_hash_password ____________________
tests\unit\test_security.py:23: in test_hash_password
    hashed = hash_password(password)
             ^^^^^^^^^^^^^^^^^^^^^^^
app\core\security.py:21: in hash_password
    return pwd_context.hash(password)
           ^^^^^^^^^^^^^^^^^^^^^^^^^^
C:\Users\Ruban\AppData\Local\Programs\Python\Python311\Lib\site-packages\passlib\context.py:2258: in hash
    return record.hash(secret, **kwds)
           ^^^^^^^^^^^^^^^^^^^^^^^^^^^
C:\Users\Ruban\AppData\Local\Programs\Python\Python311\Lib\site-packages\passlib\utils\handlers.py:779: in hash
    self.checksum = self._calc_checksum(secret)
                    ^^^^^^^^^^^^^^^^^^^^^^^^^^^
C:\Users\Ruban\AppData\Local\Programs\Python\Python311\Lib\site-packages\passlib\handlers\bcrypt.py:591: in _calc_checksum
    self._stub_requires_backend()
C:\Users\Ruban\AppData\Local\Programs\Python\Python311\Lib\site-packages\passlib\utils\handlers.py:2254: in _stub_requires_backend
    cls.set_backend()
C:\Users\Ruban\AppData\Local\Programs\Python\Python311\Lib\site-packages\passlib\utils\handlers.py:2156: in set_backend
    return owner.set_backend(name, dryrun=dryrun)
           ^^^^^^^^^^^^^^^^^^^^^^^^^^^^^^^^^^^^^^
C:\Users\Ruban\AppData\Local\Programs\Python\Python311\Lib\site-packages\passlib\utils\handlers.py:2163: in set_backend
    return cls.set_backend(name, dryrun=dryrun)
           ^^^^^^^^^^^^^^^^^^^^^^^^^^^^^^^^^^^^
C:\Users\Ruban\AppData\Local\Programs\Python\Python311\Lib\site-packages\passlib\utils\handlers.py:2188: in set_backend
    cls._set_backend(name, dryrun)
C:\Users\Ruban\AppData\Local\Programs\Python\Python311\Lib\site-packages\passlib\utils\handlers.py:2311: in _set_backend
    super(SubclassBackendMixin, cls)._set_backend(name, dryrun)
C:\Users\Ruban\AppData\Local\Programs\Python\Python311\Lib\site-packages\passlib\utils\handlers.py:2224: in _set_backend
    ok = loader(**kwds)
         ^^^^^^^^^^^^^^
C:\Users\Ruban\AppData\Local\Programs\Python\Python311\Lib\site-packages\passlib\handlers\bcrypt.py:626: in _load_backend_mixin
    return mixin_cls._finalize_backend_mixin(name, dryrun)
           ^^^^^^^^^^^^^^^^^^^^^^^^^^^^^^^^^^^^^^^^^^^^^^^
C:\Users\Ruban\AppData\Local\Programs\Python\Python311\Lib\site-packages\passlib\handlers\bcrypt.py:421: in _finalize_backend_mixin
    if detect_wrap_bug(IDENT_2A):
       ^^^^^^^^^^^^^^^^^^^^^^^^^
C:\Users\Ruban\AppData\Local\Programs\Python\Python311\Lib\site-packages\passlib\handlers\bcrypt.py:380: in detect_wrap_bug
    if verify(secret, bug_hash):
       ^^^^^^^^^^^^^^^^^^^^^^^^
C:\Users\Ruban\AppData\Local\Programs\Python\Python311\Lib\site-packages\passlib\utils\handlers.py:792: in verify
    return consteq(self._calc_checksum(secret), chk)
                   ^^^^^^^^^^^^^^^^^^^^^^^^^^^
C:\Users\Ruban\AppData\Local\Programs\Python\Python311\Lib\site-packages\passlib\handlers\bcrypt.py:655: in _calc_checksum
    hash = _bcrypt.hashpw(secret, config)
           ^^^^^^^^^^^^^^^^^^^^^^^^^^^^^^
E   ValueError: password cannot be longer than 72 bytes, truncate manually if necessary (e.g. my_password[:72])
---------------------------- Captured stderr call -----------------------------
2026-02-19 11:19:38 | WARNING | passlib.handlers.bcrypt | (trapped) error reading bcrypt version
Traceback (most recent call last):
  File "C:\Users\Ruban\AppData\Local\Programs\Python\Python311\Lib\site-packages\passlib\handlers\bcrypt.py", line 620, in _load_backend_mixin
    version = _bcrypt.__about__.__version__
              ^^^^^^^^^^^^^^^^^
AttributeError: module 'bcrypt' has no attribute '__about__'
2026-02-19 11:19:38 | DEBUG   | passlib.handlers.bcrypt | detected 'bcrypt' backend, version '<unknown>'
2026-02-19 11:19:38 | DEBUG   | passlib.handlers.bcrypt | 'bcrypt' backend lacks $2$ support, enabling workaround
------------------------------ Captured log call ------------------------------
WARNING  passlib.handlers.bcrypt:bcrypt.py:622 (trapped) error reading bcrypt version
Traceback (most recent call last):
  File "C:\Users\Ruban\AppData\Local\Programs\Python\Python311\Lib\site-packages\passlib\handlers\bcrypt.py", line 620, in _load_backend_mixin
    version = _bcrypt.__about__.__version__
              ^^^^^^^^^^^^^^^^^
AttributeError: module 'bcrypt' has no attribute '__about__'
DEBUG    passlib.handlers.bcrypt:bcrypt.py:625 detected 'bcrypt' backend, version '<unknown>'
DEBUG    passlib.handlers.bcrypt:bcrypt.py:406 'bcrypt' backend lacks $2$ support, enabling workaround
______________ TestPasswordHashing.test_verify_password_correct _______________
tests\unit\test_security.py:31: in test_verify_password_correct
    hashed = hash_password(password)
             ^^^^^^^^^^^^^^^^^^^^^^^
app\core\security.py:21: in hash_password
    return pwd_context.hash(password)
           ^^^^^^^^^^^^^^^^^^^^^^^^^^
C:\Users\Ruban\AppData\Local\Programs\Python\Python311\Lib\site-packages\passlib\context.py:2258: in hash
    return record.hash(secret, **kwds)
           ^^^^^^^^^^^^^^^^^^^^^^^^^^^
C:\Users\Ruban\AppData\Local\Programs\Python\Python311\Lib\site-packages\passlib\utils\handlers.py:779: in hash
    self.checksum = self._calc_checksum(secret)
                    ^^^^^^^^^^^^^^^^^^^^^^^^^^^
C:\Users\Ruban\AppData\Local\Programs\Python\Python311\Lib\site-packages\passlib\handlers\bcrypt.py:591: in _calc_checksum
    self._stub_requires_backend()
C:\Users\Ruban\AppData\Local\Programs\Python\Python311\Lib\site-packages\passlib\utils\handlers.py:2254: in _stub_requires_backend
    cls.set_backend()
C:\Users\Ruban\AppData\Local\Programs\Python\Python311\Lib\site-packages\passlib\utils\handlers.py:2156: in set_backend
    return owner.set_backend(name, dryrun=dryrun)
           ^^^^^^^^^^^^^^^^^^^^^^^^^^^^^^^^^^^^^^
C:\Users\Ruban\AppData\Local\Programs\Python\Python311\Lib\site-packages\passlib\utils\handlers.py:2163: in set_backend
    return cls.set_backend(name, dryrun=dryrun)
           ^^^^^^^^^^^^^^^^^^^^^^^^^^^^^^^^^^^^
C:\Users\Ruban\AppData\Local\Programs\Python\Python311\Lib\site-packages\passlib\utils\handlers.py:2188: in set_backend
    cls._set_backend(name, dryrun)
C:\Users\Ruban\AppData\Local\Programs\Python\Python311\Lib\site-packages\passlib\utils\handlers.py:2311: in _set_backend
    super(SubclassBackendMixin, cls)._set_backend(name, dryrun)
C:\Users\Ruban\AppData\Local\Programs\Python\Python311\Lib\site-packages\passlib\utils\handlers.py:2224: in _set_backend
    ok = loader(**kwds)
         ^^^^^^^^^^^^^^
C:\Users\Ruban\AppData\Local\Programs\Python\Python311\Lib\site-packages\passlib\handlers\bcrypt.py:626: in _load_backend_mixin
    return mixin_cls._finalize_backend_mixin(name, dryrun)
           ^^^^^^^^^^^^^^^^^^^^^^^^^^^^^^^^^^^^^^^^^^^^^^^
C:\Users\Ruban\AppData\Local\Programs\Python\Python311\Lib\site-packages\passlib\handlers\bcrypt.py:421: in _finalize_backend_mixin
    if detect_wrap_bug(IDENT_2A):
       ^^^^^^^^^^^^^^^^^^^^^^^^^
C:\Users\Ruban\AppData\Local\Programs\Python\Python311\Lib\site-packages\passlib\handlers\bcrypt.py:380: in detect_wrap_bug
    if verify(secret, bug_hash):
       ^^^^^^^^^^^^^^^^^^^^^^^^
C:\Users\Ruban\AppData\Local\Programs\Python\Python311\Lib\site-packages\passlib\utils\handlers.py:792: in verify
    return consteq(self._calc_checksum(secret), chk)
                   ^^^^^^^^^^^^^^^^^^^^^^^^^^^
C:\Users\Ruban\AppData\Local\Programs\Python\Python311\Lib\site-packages\passlib\handlers\bcrypt.py:655: in _calc_checksum
    hash = _bcrypt.hashpw(secret, config)
           ^^^^^^^^^^^^^^^^^^^^^^^^^^^^^^
E   ValueError: password cannot be longer than 72 bytes, truncate manually if necessary (e.g. my_password[:72])
---------------------------- Captured stderr call -----------------------------
2026-02-19 11:19:38 | WARNING | passlib.handlers.bcrypt | (trapped) error reading bcrypt version
Traceback (most recent call last):
  File "C:\Users\Ruban\AppData\Local\Programs\Python\Python311\Lib\site-packages\passlib\handlers\bcrypt.py", line 620, in _load_backend_mixin
    version = _bcrypt.__about__.__version__
              ^^^^^^^^^^^^^^^^^
AttributeError: module 'bcrypt' has no attribute '__about__'
2026-02-19 11:19:38 | DEBUG   | passlib.handlers.bcrypt | detected 'bcrypt' backend, version '<unknown>'
------------------------------ Captured log call ------------------------------
WARNING  passlib.handlers.bcrypt:bcrypt.py:622 (trapped) error reading bcrypt version
Traceback (most recent call last):
  File "C:\Users\Ruban\AppData\Local\Programs\Python\Python311\Lib\site-packages\passlib\handlers\bcrypt.py", line 620, in _load_backend_mixin
    version = _bcrypt.__about__.__version__
              ^^^^^^^^^^^^^^^^^
AttributeError: module 'bcrypt' has no attribute '__about__'
DEBUG    passlib.handlers.bcrypt:bcrypt.py:625 detected 'bcrypt' backend, version '<unknown>'
_____________ TestPasswordHashing.test_verify_password_incorrect ______________
tests\unit\test_security.py:38: in test_verify_password_incorrect
    hashed = hash_password(password)
             ^^^^^^^^^^^^^^^^^^^^^^^
app\core\security.py:21: in hash_password
    return pwd_context.hash(password)
           ^^^^^^^^^^^^^^^^^^^^^^^^^^
C:\Users\Ruban\AppData\Local\Programs\Python\Python311\Lib\site-packages\passlib\context.py:2258: in hash
    return record.hash(secret, **kwds)
           ^^^^^^^^^^^^^^^^^^^^^^^^^^^
C:\Users\Ruban\AppData\Local\Programs\Python\Python311\Lib\site-packages\passlib\utils\handlers.py:779: in hash
    self.checksum = self._calc_checksum(secret)
                    ^^^^^^^^^^^^^^^^^^^^^^^^^^^
C:\Users\Ruban\AppData\Local\Programs\Python\Python311\Lib\site-packages\passlib\handlers\bcrypt.py:591: in _calc_checksum
    self._stub_requires_backend()
C:\Users\Ruban\AppData\Local\Programs\Python\Python311\Lib\site-packages\passlib\utils\handlers.py:2254: in _stub_requires_backend
    cls.set_backend()
C:\Users\Ruban\AppData\Local\Programs\Python\Python311\Lib\site-packages\passlib\utils\handlers.py:2156: in set_backend
    return owner.set_backend(name, dryrun=dryrun)
           ^^^^^^^^^^^^^^^^^^^^^^^^^^^^^^^^^^^^^^
C:\Users\Ruban\AppData\Local\Programs\Python\Python311\Lib\site-packages\passlib\utils\handlers.py:2163: in set_backend
    return cls.set_backend(name, dryrun=dryrun)
           ^^^^^^^^^^^^^^^^^^^^^^^^^^^^^^^^^^^^
C:\Users\Ruban\AppData\Local\Programs\Python\Python311\Lib\site-packages\passlib\utils\handlers.py:2188: in set_backend
    cls._set_backend(name, dryrun)
C:\Users\Ruban\AppData\Local\Programs\Python\Python311\Lib\site-packages\passlib\utils\handlers.py:2311: in _set_backend
    super(SubclassBackendMixin, cls)._set_backend(name, dryrun)
C:\Users\Ruban\AppData\Local\Programs\Python\Python311\Lib\site-packages\passlib\utils\handlers.py:2224: in _set_backend
    ok = loader(**kwds)
         ^^^^^^^^^^^^^^
C:\Users\Ruban\AppData\Local\Programs\Python\Python311\Lib\site-packages\passlib\handlers\bcrypt.py:626: in _load_backend_mixin
    return mixin_cls._finalize_backend_mixin(name, dryrun)
           ^^^^^^^^^^^^^^^^^^^^^^^^^^^^^^^^^^^^^^^^^^^^^^^
C:\Users\Ruban\AppData\Local\Programs\Python\Python311\Lib\site-packages\passlib\handlers\bcrypt.py:421: in _finalize_backend_mixin
    if detect_wrap_bug(IDENT_2A):
       ^^^^^^^^^^^^^^^^^^^^^^^^^
C:\Users\Ruban\AppData\Local\Programs\Python\Python311\Lib\site-packages\passlib\handlers\bcrypt.py:380: in detect_wrap_bug
    if verify(secret, bug_hash):
       ^^^^^^^^^^^^^^^^^^^^^^^^
C:\Users\Ruban\AppData\Local\Programs\Python\Python311\Lib\site-packages\passlib\utils\handlers.py:792: in verify
    return consteq(self._calc_checksum(secret), chk)
                   ^^^^^^^^^^^^^^^^^^^^^^^^^^^
C:\Users\Ruban\AppData\Local\Programs\Python\Python311\Lib\site-packages\passlib\handlers\bcrypt.py:655: in _calc_checksum
    hash = _bcrypt.hashpw(secret, config)
           ^^^^^^^^^^^^^^^^^^^^^^^^^^^^^^
E   ValueError: password cannot be longer than 72 bytes, truncate manually if necessary (e.g. my_password[:72])
---------------------------- Captured stderr call -----------------------------
2026-02-19 11:19:39 | WARNING | passlib.handlers.bcrypt | (trapped) error reading bcrypt version
Traceback (most recent call last):
  File "C:\Users\Ruban\AppData\Local\Programs\Python\Python311\Lib\site-packages\passlib\handlers\bcrypt.py", line 620, in _load_backend_mixin
    version = _bcrypt.__about__.__version__
              ^^^^^^^^^^^^^^^^^
AttributeError: module 'bcrypt' has no attribute '__about__'
2026-02-19 11:19:39 | DEBUG   | passlib.handlers.bcrypt | detected 'bcrypt' backend, version '<unknown>'
------------------------------ Captured log call ------------------------------
WARNING  passlib.handlers.bcrypt:bcrypt.py:622 (trapped) error reading bcrypt version
Traceback (most recent call last):
  File "C:\Users\Ruban\AppData\Local\Programs\Python\Python311\Lib\site-packages\passlib\handlers\bcrypt.py", line 620, in _load_backend_mixin
    version = _bcrypt.__about__.__version__
              ^^^^^^^^^^^^^^^^^
AttributeError: module 'bcrypt' has no attribute '__about__'
DEBUG    passlib.handlers.bcrypt:bcrypt.py:625 detected 'bcrypt' backend, version '<unknown>'
============================== warnings summary ===============================
app\schemas\permission.py:30
  D:\2026\product 1\backend\app\schemas\permission.py:30: PydanticDeprecatedSince20: Support for class-based `config` is deprecated, use ConfigDict instead. Deprecated in Pydantic V2.0 to be removed in V3.0. See Pydantic V2 Migration Guide at https://errors.pydantic.dev/2.12/migration/
    class PermissionResponse(PermissionBase):

app\schemas\permission.py:55
  D:\2026\product 1\backend\app\schemas\permission.py:55: PydanticDeprecatedSince20: `min_items` is deprecated and will be removed, use `min_length` instead. Deprecated in Pydantic V2.0 to be removed in V3.0. See Pydantic V2 Migration Guide at https://errors.pydantic.dev/2.12/migration/
    permission_ids: list[int] = Field(..., min_items=1)

app\schemas\public.py:28
  D:\2026\product 1\backend\app\schemas\public.py:28: PydanticDeprecatedSince20: Support for class-based `config` is deprecated, use ConfigDict instead. Deprecated in Pydantic V2.0 to be removed in V3.0. See Pydantic V2 Migration Guide at https://errors.pydantic.dev/2.12/migration/
    class ContactResponse(BaseModel):

app\schemas\public.py:74
  D:\2026\product 1\backend\app\schemas\public.py:74: PydanticDeprecatedSince20: Support for class-based `config` is deprecated, use ConfigDict instead. Deprecated in Pydantic V2.0 to be removed in V3.0. See Pydantic V2 Migration Guide at https://errors.pydantic.dev/2.12/migration/
    class CareerResponse(BaseModel):

app\schemas\role.py:33
  D:\2026\product 1\backend\app\schemas\role.py:33: PydanticDeprecatedSince20: Support for class-based `config` is deprecated, use ConfigDict instead. Deprecated in Pydantic V2.0 to be removed in V3.0. See Pydantic V2 Migration Guide at https://errors.pydantic.dev/2.12/migration/
    class RoleResponse(RoleBase):

app\schemas\role.py:46
  D:\2026\product 1\backend\app\schemas\role.py:46: PydanticDeprecatedSince20: Support for class-based `config` is deprecated, use ConfigDict instead. Deprecated in Pydantic V2.0 to be removed in V3.0. See Pydantic V2 Migration Guide at https://errors.pydantic.dev/2.12/migration/
    class RoleWithPermissions(RoleResponse):

tests/unit/test_security.py::TestRandomPassword::test_generate_random_password_custom_length
  D:\2026\product 1\backend\tests\conftest.py:41: SAWarning: Can't sort tables for DROP; an unresolvable foreign key dependency exists between tables: branches, users; and backend does not support ALTER.  To restore at least a partial sort, apply use_alter=True to ForeignKey and ForeignKeyConstraint objects involved in the cycle to mark these as known cycles that will be ignored.
    Base.metadata.drop_all(bind=engine)

-- Docs: https://docs.pytest.org/en/stable/how-to/capture-warnings.html
=========================== short test summary info ===========================
FAILED tests/unit/test_security.py::TestPasswordHashing::test_hash_password - ValueError: password cannot be longer than 72 bytes, truncate manually if necessary (e.g. my_password[:72])
FAILED tests/unit/test_security.py::TestPasswordHashing::test_verify_password_correct - ValueError: password cannot be longer than 72 bytes, truncate manually if necessary (e.g. my_password[:72])
FAILED tests/unit/test_security.py::TestPasswordHashing::test_verify_password_incorrect - ValueError: password cannot be longer than 72 bytes, truncate manually if necessary (e.g. my_password[:72])
================== 3 failed, 13 passed, 7 warnings in 1.94s ===================
